pos_743-262_5	0.473462
pos_508-752_4	0.705592
pos_119-711_3	0.996652
pos_705-108_1	0.092289
pos_366-169_6	0.456358
pos_847-972_3	0.603364
pos_223-549_5	0.839666
pos_169-551_6	0.398582
pos_624-635_1	0.901489
pos_431-929_1	0.487359
pos_425-629_2	0.713362
pos_126-743_3	0.279879
pos_760-749_5	0.919678
pos_932-572_2	1.000000
pos_49-327_6	0.068860
pos_824-596_4	0.778612
pos_184-93_6	0.397528
pos_306-509_6	0.217182
pos_665-783_2	0.937939
pos_690-330_4	0.650058
pos_656-963_5	0.384166
pos_564-197_4	0.302477
pos_931-18_4	0.668501
pos_187-913_2	0.803185
pos_750-750_4	0.971937
pos_134-273_4	1.000000
pos_830-140_2	1.000000
pos_726-503_1	0.720502
pos_893-988_6	0.416805
pos_93-188_2	1.000000
pos_746-387_6	-0.015939
pos_887-668_5	0.759806
pos_952-370_4	0.446066
pos_47-924_4	0.710598
pos_386-219_4	0.450410
pos_6-602_5	0.756449
pos_106-319_5	0.414365
pos_732-993_4	0.475841
pos_810-673_5	0.671660
pos_95-245_6	0.135061
pos_948-873_2	0.453043
pos_760-741_5	0.745625
pos_143-640_2	0.313662
pos_135-149_6	0.530208
pos_607-417_2	0.523092
pos_373-626_5	0.727338
pos_172-595_2	1.000000
pos_183-717_4	0.814429
pos_176-77_6	0.639978
pos_654-728_4	0.754689
pos_381-930_3	0.618872
pos_79-702_3	0.895219
pos_732-836_4	0.467764
pos_17-107_5	0.773383
pos_467-116_3	0.485694
pos_528-71_2	0.767400
pos_520-353_1	0.818417
pos_204-414_2	0.670768
pos_709-751_2	1.000000
pos_652-924_3	0.602758
pos_153-625_2	0.880199
pos_142-597_1	1.000000
pos_749-407_2	0.273456
pos_767-45_5	0.876239
pos_767-997_5	0.676592
pos_809-330_2	0.890010
pos_161-293_3	0.695184
pos_98-130_4	0.742732
pos_889-88_5	0.749644
pos_401-674_5	0.305360
pos_165-949_1	0.857990
pos_912-5_1	0.949819
pos_782-92_6	0.361888
pos_575-906_6	0.332113
pos_896-859_1	0.700186
pos_577-484_2	0.792279
pos_359-430_3	1.000000
pos_24-447_6	1.000000
pos_876-49_5	1.000000
pos_304-133_1	1.000000
pos_414-567_5	0.966960
pos_391-0_1	1.000000
pos_398-718_3	1.000000
pos_379-916_6	0.949152
pos_232-430_1	1.000000
pos_571-311_6	0.678574
pos_300-216_6	1.000000
pos_55-728_2	1.005205
pos_29-37_2	1.137528
pos_657-377_1	0.933911
pos_506-757_3	1.000000
pos_660-490_5	1.000000
pos_606-114_6	1.000000
pos_227-435_4	1.000000
pos_110-742_3	1.000000
pos_671-872_5	0.956013
pos_671-979_3	1.000000
pos_680-791_6	1.000000
pos_46-832_6	1.000000
pos_226-178_1	1.000000
