pos_743-262_5	1.000000e+00
pos_508-752_4	1.000000e+00
pos_119-711_3	1.000000e+00
pos_705-108_1	1.000000e+00
pos_366-169_6	1.000000e+00
pos_847-972_3	1.000000e+00
pos_223-549_5	1.000000e+00
pos_169-551_6	1.000000e+00
pos_624-635_1	1.000000e+00
pos_431-929_1	1.000000e+00
pos_425-629_2	1.000000e+00
pos_126-743_3	1.000000e+00
pos_760-749_5	1.000000e+00
pos_932-572_2	9.797488e-01
pos_49-327_6	1.000000e+00
pos_824-596_4	1.000000e+00
pos_184-93_6	1.000000e+00
pos_306-509_6	1.000000e+00
pos_665-783_2	1.000000e+00
pos_690-330_4	1.000000e+00
pos_656-963_5	1.000000e+00
pos_564-197_4	1.000000e+00
pos_931-18_4	1.000000e+00
pos_187-913_2	1.000000e+00
pos_750-750_4	1.000000e+00
pos_134-273_4	7.722450e-01
pos_830-140_2	9.354038e-01
pos_726-503_1	1.000000e+00
pos_893-988_6	1.000000e+00
pos_93-188_2	8.849087e-01
pos_746-387_6	1.000000e+00
pos_887-668_5	1.000000e+00
pos_952-370_4	1.000000e+00
pos_47-924_4	1.000000e+00
pos_386-219_4	1.000000e+00
pos_6-602_5	1.000000e+00
pos_106-319_5	1.000000e+00
pos_732-993_4	1.000000e+00
pos_810-673_5	1.000000e+00
pos_95-245_6	1.000000e+00
pos_948-873_2	1.000000e+00
pos_760-741_5	1.000000e+00
pos_143-640_2	1.000000e+00
pos_135-149_6	1.000000e+00
pos_607-417_2	1.000000e+00
pos_373-626_5	1.000000e+00
pos_172-595_2	2.530239e-01
pos_183-717_4	1.000000e+00
pos_176-77_6	1.000000e+00
pos_654-728_4	1.000000e+00
pos_381-930_3	1.000000e+00
pos_79-702_3	1.000000e+00
pos_732-836_4	1.000000e+00
pos_17-107_5	1.000000e+00
pos_467-116_3	1.000000e+00
pos_528-71_2	1.000000e+00
pos_520-353_1	1.000000e+00
pos_204-414_2	1.000000e+00
pos_709-751_2	9.840419e-01
pos_652-924_3	1.000000e+00
pos_153-625_2	1.000000e+00
pos_142-597_1	8.186472e-01
pos_749-407_2	1.000000e+00
pos_767-45_5	1.000000e+00
pos_767-997_5	1.000000e+00
pos_809-330_2	1.000000e+00
pos_161-293_3	1.000000e+00
pos_98-130_4	1.000000e+00
pos_889-88_5	1.000000e+00
pos_401-674_5	1.000000e+00
pos_165-949_1	1.000000e+00
pos_912-5_1	1.000000e+00
pos_782-92_6	1.000000e+00
pos_575-906_6	1.000000e+00
pos_896-859_1	1.000000e+00
pos_577-484_2	1.000000e+00
pos_359-430_3	1.980955e-01
pos_24-447_6	7.310224e-01
pos_876-49_5	3.539110e-01
pos_304-133_1	1.638159e-01
pos_414-567_5	1.000000e+00
pos_391-0_1	2.986983e-01
pos_398-718_3	9.944178e-01
pos_379-916_6	1.000000e+00
pos_232-430_1	1.144621e-02
pos_571-311_6	1.000000e+00
pos_300-216_6	9.535678e-01
pos_657-377_1	1.000000e+00
pos_506-757_3	4.825324e-01
pos_660-490_5	8.618753e-01
pos_606-114_6	8.755620e-01
pos_227-435_4	3.970490e-01
pos_110-742_3	4.585528e-02
pos_671-872_5	1.000000e+00
pos_671-979_3	6.993440e-02
pos_680-791_6	7.154227e-01
pos_46-832_6	8.548741e-01
pos_226-178_1	3.077339e-01
neg_743-262_12	-1.000000e+00
neg_508-752_8	-1.000000e+00
neg_119-711_10	-1.000000e+00
neg_705-108_8	-1.000000e+00
neg_366-169_10	-1.000000e+00
neg_847-972_10	-1.000000e+00
neg_223-549_10	-1.000000e+00
neg_169-551_13	-1.000000e+00
neg_624-635_8	-1.000000e+00
neg_310-862_13	-1.522414e-01
neg_301-710_12	-2.364841e-01
neg_431-929_8	-1.000000e+00
neg_491-190_9	-8.640722e-01
neg_425-629_8	-1.000000e+00
neg_126-743_9	-1.000000e+00
neg_760-749_8	-1.000000e+00
neg_932-572_9	-1.000000e+00
neg_509-119_10	-9.641656e-01
neg_49-327_9	-1.000000e+00
neg_824-596_9	-1.000000e+00
neg_184-93_11	-1.000000e+00
neg_306-509_10	-1.000000e+00
neg_665-783_8	-1.000000e+00
neg_690-330_9	-1.000000e+00
neg_656-963_9	-1.000000e+00
neg_42-106_14	-8.094874e-01
neg_1-510_8	-9.704119e-01
neg_571-331_10	-1.000000e+00
neg_564-197_9	-1.000000e+00
neg_931-18_11	-1.000000e+00
neg_187-913_9	-1.000000e+00
neg_750-750_9	-1.000000e+00
neg_134-273_11	-1.000000e+00
neg_830-140_9	-1.000000e+00
neg_726-503_8	-1.000000e+00
neg_893-988_10	-1.000000e+00
neg_93-188_8	-1.000000e+00
neg_746-387_10	-1.000000e+00
neg_887-668_11	-1.000000e+00
neg_900-674_10	-8.397199e-01
neg_952-370_11	-1.000000e+00
neg_410-905_9	-1.000000e+00
neg_996-142_12	-1.000000e+00
neg_47-924_11	-1.000000e+00
neg_386-219_8	-7.733671e-01
neg_55-682_9	-9.591719e-02
neg_6-602_11	-1.000000e+00
neg_470-518_14	-8.520924e-01
neg_106-319_8	-1.000000e+00
neg_732-993_10	-1.000000e+00
neg_810-673_8	-1.000000e+00
neg_95-245_11	-1.000000e+00
neg_948-873_9	-1.000000e+00
neg_760-741_9	-1.000000e+00
neg_143-640_9	-1.000000e+00
neg_135-149_13	-1.000000e+00
neg_607-417_9	-1.000000e+00
neg_373-626_8	-1.000000e+00
neg_172-595_9	-3.735309e-01
neg_183-717_11	-1.000000e+00
neg_176-77_10	-1.000000e+00
neg_654-728_10	-1.000000e+00
neg_455-870_12	-9.598229e-01
neg_381-930_8	-1.000000e+00
neg_386-359_8	-6.962835e-01
neg_79-702_8	-1.000000e+00
neg_732-836_8	-1.000000e+00
neg_17-107_11	-1.000000e+00
neg_467-116_9	-1.000000e+00
neg_528-71_9	-1.000000e+00
neg_520-353_8	-1.000000e+00
neg_430-477_11	-8.196435e-01
neg_204-414_8	-1.000000e+00
neg_925-298_12	-7.957796e-01
neg_709-751_8	-1.000000e+00
neg_652-924_10	-1.000000e+00
neg_153-625_8	-1.000000e+00
neg_142-597_8	-1.000000e+00
neg_917-404_8	-8.431831e-01
neg_749-407_8	-1.000000e+00
neg_767-45_11	-1.000000e+00
neg_398-896_10	-1.000000e+00
neg_767-997_11	-1.000000e+00
neg_809-330_8	-1.000000e+00
neg_161-293_9	-1.000000e+00
neg_98-130_10	-1.000000e+00
neg_889-88_9	-1.000000e+00
neg_401-674_12	-1.000000e+00
neg_165-949_8	-1.000000e+00
neg_458-841_13	-7.221521e-01
neg_229-215_12	-2.032370e-03
neg_388-754_11	-9.697529e-01
neg_271-516_12	-2.196322e-01
neg_912-5_8	-1.000000e+00
neg_782-92_9	-1.000000e+00
neg_324-4_9	-1.037775e-01
neg_804-363_11	-1.000000e+00
neg_575-906_11	-1.000000e+00
neg_896-859_8	-1.000000e+00
neg_577-484_9	-1.000000e+00
